      date  lead_months  forecast_nino34  forecast_residual  forecast_IA_IMF1  forecast_carrier_IMF1  forecast_IMF1  forecast_IA_IMF2  forecast_carrier_IMF2  forecast_IMF2  forecast_IA_IMF3  forecast_carrier_IMF3  forecast_IMF3  forecast_IA_IMF4  forecast_carrier_IMF4  forecast_IMF4  forecast_IA_IMF5  forecast_carrier_IMF5  forecast_IMF5  forecast_IA_IMF6  forecast_carrier_IMF6  forecast_IMF6
2026-08-01            1         1.896746           0.072926          0.135142               0.877395       0.118573          0.265044              -0.972645      -0.257794          0.743669               0.935140       0.695434          1.090680               0.989893       1.079656          0.553955              -0.726170      -0.402265          0.594872               0.992172       0.590215
2026-09-01            2         1.869404           0.054658          0.074305               0.660510       0.049079          0.269830              -0.525708      -0.141852          0.752023               0.999999       0.752022          1.092416               0.997584       1.089776          0.568770              -0.875646      -0.498041          0.580871               0.970544       0.563761
2026-10-01            3         1.512340           0.064815          0.124961               0.399909       0.049973          0.254388               0.597173       0.151914          0.795086               0.332419       0.264302          1.114245               0.736131       0.820230          0.575793              -0.689312      -0.396901          0.593331               0.940466       0.558007
2026-11-01            4         2.191378           0.058495          0.195567              -0.848792      -0.165996          0.227183               0.917503       0.208441          0.823155               0.941061       0.774639          1.159188               0.879014       1.018942          0.552110              -0.520169      -0.287191          0.591587               0.987256       0.584048
2026-12-01            5         1.251741           0.055039          0.208033              -0.597781      -0.124358          0.203355               0.790164       0.160684          0.827092               0.231508       0.191478          1.161914               0.696812       0.809635          0.560717              -0.754250      -0.422921          0.591308               0.984569       0.582184
2027-01-01            6         1.568004           0.046367          0.174173              -0.724596      -0.126205          0.175829               0.408227       0.071778          0.811854               0.929746       0.754818          1.161249               0.533650       0.619700          0.535616              -0.720396      -0.385856          0.587757               0.999395       0.587401
2027-02-01            7         0.655257           0.048372          0.138966              -0.846504      -0.117635          0.147067              -0.441974      -0.065000          0.813798              -0.358112      -0.291431          1.212698               0.555242       0.673341          0.537213              -0.315767      -0.169634          0.596394               0.967891       0.577244
2027-03-01            8         0.240261           0.040966          0.093641              -0.483534      -0.045279          0.133012              -0.996709      -0.132575          0.830061              -0.580143      -0.481554          1.203582               0.167434       0.201521          0.549742               0.133924       0.073624          0.586410               0.995137       0.583558
2027-04-01            9        -0.557885           0.051865          0.065739               0.990295       0.065101          0.118395              -0.984866      -0.116603          0.830021              -0.995566      -0.826340          1.231599              -0.071606      -0.088190          0.540425              -0.406780      -0.219834          0.582425               0.989171       0.576118
2027-05-01           10        -0.210568           0.033219          0.069772              -0.840335      -0.058632          0.114854              -0.619211      -0.071119          0.799798              -0.810223      -0.648015          1.222657              -0.066145      -0.080873          0.550156               0.047742       0.026266          0.588674               0.999849       0.588585
2027-06-01           11        -1.415758           0.030538          0.097165              -0.942034      -0.091532          0.106801              -0.808990      -0.086401          0.793358              -0.711085      -0.564145          1.245700              -0.776359      -0.967111          0.540049              -0.599494      -0.323756          0.590931               0.992754       0.586649
2027-07-01           12        -0.524798           0.038592          0.116121              -0.600291      -0.069706          0.099017              -0.363676      -0.036010          0.758648              -0.392834      -0.298022          1.269433              -0.714191      -0.906618          0.523106               0.351774       0.184015          0.574755               0.979463       0.562951
2027-08-01           13        -0.252432           0.030935          0.130430               0.187037       0.024395          0.096051               0.954370       0.091668          0.780868              -0.222161      -0.173478          1.222586              -0.775518      -0.948137          0.526501               0.284221       0.149643          0.578591               0.989544       0.572542
2027-09-01           14        -0.304156           0.033747          0.132202              -0.745440      -0.098549          0.082280               0.960590       0.079037          0.746170               0.255353       0.190537          1.267244              -0.943025      -1.195043          0.533061               0.199742       0.106475          0.584141               0.992297       0.579641
2027-10-01           15        -0.030256           0.025537          0.113009              -0.318234      -0.035963          0.076446               0.252035       0.019267          0.730695               0.839698       0.613563          1.272098              -0.903758      -1.149669          0.494472              -0.026210      -0.012960          0.568847               0.896496       0.509969
2027-11-01           16         0.219513           0.025464          0.108183               0.356793       0.038599          0.054313              -0.693031      -0.037640          0.677835               0.714073       0.484023          1.250846              -0.960040      -1.200863          0.510287               0.704783       0.359642          0.569880               0.965622       0.550289
2027-12-01           17         0.498028           0.016367          0.104140               0.687199       0.071565          0.039021              -0.933349      -0.036420          0.667051               0.990149       0.660480          1.232583              -0.878243      -1.082508          0.494183               0.625179       0.308953          0.581996               0.961503       0.559591
2028-01-01           18         0.641633           0.022525          0.092236               0.821545       0.075776          0.047052              -0.479903      -0.022581          0.656562               0.959482       0.629959          1.227621              -0.901552      -1.106764          0.526822               0.981886       0.517279          0.595172               0.882833       0.525438
2028-02-01           19         0.629180           0.024252          0.083921               0.895443       0.075146          0.028614               0.678058       0.019402          0.624474               0.962269       0.600912          1.195364              -0.742752      -0.887859          0.528610               0.665101       0.351579          0.580101               0.768397       0.445748
2028-03-01           20         0.371019           0.008139          0.095092               0.298334       0.028369          0.021225               0.860142       0.018256          0.619231               0.488225       0.302324          1.226668              -0.767534      -0.941510          0.508205               0.968574       0.492234          0.587723               0.788138       0.463206
2028-04-01           21         0.222925           0.010295          0.100334              -0.981543      -0.098482          0.015260               0.446705       0.006817          0.625887               0.383614       0.240099          1.235174              -0.787106      -0.972213          0.503334               0.999966       0.503317          0.581090               0.917400       0.533092
2028-05-01           22        -0.278006           0.011719          0.104807               0.332629       0.034862          0.008469              -0.953955      -0.008079          0.641139              -0.647862      -0.415370          1.223236              -0.687188      -0.840594          0.495465               0.999886       0.495408          0.583985               0.760374       0.444047
2028-06-01           23         0.309619           0.014224          0.111145               0.670223       0.074492          0.013922              -0.582809      -0.008114          0.630365              -0.051313      -0.032346          1.170907              -0.537582      -0.629459          0.503692               0.989602       0.498455          0.562091               0.698049       0.392367
2028-07-01           24         0.344558           0.016778          0.129159              -0.272158      -0.035152          0.010892              -0.449908      -0.004901          0.640004              -0.986332      -0.631256          1.147836               0.119034       0.136632          0.494585               0.851019       0.420901          0.570785               0.773595       0.441556
2028-08-01           25         0.595722           0.012389          0.143925              -0.670435      -0.096492          0.025078               0.999987       0.025077          0.660440              -0.955854      -0.631285          1.116398               0.398353       0.444720          0.509273               0.933264       0.475286          0.563317               0.649770       0.366026
2028-09-01           26         1.044729           0.010944          0.156245              -0.839201      -0.131121          0.038813               0.392940       0.015251          0.678656              -0.931459      -0.632140          1.108021               0.943781       1.045729          0.501049               0.716765       0.359135          0.567332               0.664394       0.376932
2028-10-01           27         0.717211           0.009693          0.175242              -0.988584      -0.173241          0.046446               0.048131       0.002235          0.642742              -0.637319      -0.409631          1.097794               0.566364       0.621751          0.493723               0.645756       0.318824          0.566249               0.613828       0.347579
2028-11-01           28         1.058914           0.011952          0.180535              -0.717846      -0.129596          0.060458               0.267723       0.016186          0.687211               0.228524       0.157044          1.077555               0.295786       0.318725          0.493558               0.693239       0.342154          0.554763               0.617287       0.342448
2028-12-01           29         1.738817           0.001026          0.187294              -0.999202      -0.187144          0.074203              -0.999988      -0.074202          0.678576               0.810183       0.549771          1.027653               0.880174       0.904514          0.508663               0.547500       0.278493          0.560698               0.475048       0.266359
{"last_observation": "2026-07-01", "forecast_start": "2026-08-01", "forecast_end": "2028-12-01", "horizon_months": 29, "method": "M4 Event NN + individual AM-IMF Strength NNs + A*cos(phase) physical reconstruction", "warning": "Experimental; retrospective full-record decomposition for training; no calibrated uncertainty; causal event hindcasts did not beat persistence.", "elapsed_s": 26.407313346862793}
	Command being timed: "python src/forecast_future.py"
	User time (seconds): 29.55
	System time (seconds): 4.14
	Percent of CPU this job got: 63%
	Elapsed (wall clock) time (h:mm:ss or m:ss): 0:53.08
	Average shared text size (kbytes): 0
	Average unshared data size (kbytes): 0
	Average stack size (kbytes): 0
	Average total size (kbytes): 0
	Maximum resident set size (kbytes): 453156
	Average resident set size (kbytes): 0
	Major (requiring I/O) page faults: 8139
	Minor (reclaiming a frame) page faults: 352695
	Voluntary context switches: 11239
	Involuntary context switches: 1707
	Swaps: 0
	File system inputs: 471998
	File system outputs: 2104
	Socket messages sent: 0
	Socket messages received: 0
	Signals delivered: 0
	Page size (bytes): 4096
	Exit status: 0
